C:\Users\yash2\Desktop\APP\frontend\src\App.jsx:22 react-hooks/set-state-in-effect - Error: Calling setState synchronously within an effect can trigger cascading renders

Effects are intended to synchronize state between React and external systems such as manually updating the DOM, state management libraries, or other platform APIs. In general, the body of an effect should do one or both of the following:
* Update external systems with the latest state from React.
* Subscribe for updates from some external system, calling setState in a callback function when external state changes.

Calling setState synchronously within an effect body causes cascading renders that can hurt performance, and is not recommended. (https://react.dev/learn/you-might-not-need-an-effect).

  20 |   useEffect(() => {
  21 |      const stored = localStorage.getItem('partnerAuth');
> 22 |      if (stored) setAuth(JSON.parse(stored));
     |                  ^^^^^^^ Avoid calling setState() directly within an effect
  23 |      setAuthChecking(false);
  24 |   }, []);
  25 |
C:\Users\yash2\Desktop\APP\frontend\src\components\Admin.jsx:15 null - Parsing error: Identifier 'Settings' has already been declared
C:\Users\yash2\Desktop\APP\frontend\src\components\Businesses.jsx:405 no-unused-vars - 'span' is defined but never used.
C:\Users\yash2\Desktop\APP\frontend\src\components\Login.jsx:46 no-unused-vars - 'partnerErr' is defined but never used.
C:\Users\yash2\Desktop\APP\frontend\src\components\Rewards.jsx:50 no-useless-escape - Unnecessary escape character: \(.
C:\Users\yash2\Desktop\APP\frontend\src\components\Rewards.jsx:50 no-useless-escape - Unnecessary escape character: \).